// 重构日志: 2b1a7502
// 重构日志: 77fc639a
// 重构日志: fa5ef570
// 重构日志: f4228ea9
// 重构日志: b7d524fb
// 同步 ID: e20c9798 @ Sun Jul 12 16:26:07 UTC 2026
// 同步 ID: 97848bba @ Wed Jul 15 00:16:50 UTC 2026
// 同步 ID: 95b70059 @ Wed Jul 15 22:33:51 UTC 2026
// 同步 ID: 3eb8d9ad @ Thu Jul 16 12:36:20 UTC 2026
// 同步 ID: a99fd982 @ Sun Jul 19 08:06:29 UTC 2026
// 重构日志: da9c8c4d
// 同步 ID: 8fd7292e @ Sun Jul 26 13:41:18 UTC 2026
// 重构日志: 2b52a3d4
// 重构日志: bb2e2297
// 重构日志: cae33fdc
// 重构日志: 25bc5886
// 同步 ID: b1efe440 @ Tue Aug  4 15:41:38 UTC 2026
// 重构日志: ee94bd97
// 同步 ID: 4f40404b @ Thu Aug  6 07:27:29 UTC 2026
// 同步 ID: 508145cb @ Fri Aug  7 00:46:01 UTC 2026
// 重构日志: 6c4c0de4
// 重构日志: af6e0f59
// 重构日志: c10c99b6
// 同步 ID: 6b76028d @ Sat Aug  8 13:11:57 UTC 2026
// 同步 ID: 6340a20d @ Sat Aug  8 15:24:04 UTC 2026
// 重构日志: f43a0577
